// Jest Snapshot v1, https://goo.gl/fbAQLP

exports[`Header component matches snapshot DOM node structure 1`] = `
<DocumentFragment>
  <header
    class="flex-row px-1"
  >
    <h2>
      <a
        href="/"
      >
        <span
          aria-label="snell"
          role="img"
        >
          <img
            alt="snell logo"
            class="my-1"
            src="snell_logo.png"
            style="width: 50px;"
          />
        </span>
        Shannon Nell
      </a>
    </h2>
    <ul
      class="flex-row"
    >
      <li
        class="mx-1"
      >
        <a
          class="nav-link"
          href="#about"
        >
          about
        </a>
      </li>
      <li
        class="mx-1"
      >
        <a
          class="nav-link"
          href="#portfolio"
        >
          portfolio
        </a>
      </li>
      <li
        class="mx-1"
      >
        <a
          class="nav-link"
          href="#contact"
        >
          contact
        </a>
      </li>
      <li
        class="mx-1"
      >
        <a
          class="nav-link"
          href="#resume"
        >
          resume
        </a>
      </li>
    </ul>
    <div>
      <section
        class="my-5"
      >
        <h1
          id="about"
        >
          About me
        </h1>
        <img
          alt="cover"
          class="my-2"
          src="aboutme_cover.jpg"
          style="width: 100%;"
        />
        <div
          class="my-2"
        >
          <p>
            Hello, and welcome. My name is Shannon Nell and I am an upcoming full stack web developer currently enrolled in the University of Toronto's Coding Bootcamp. I have a degree in Media, Theory, Production from Western University and a diploma in Television Broadcasting as well as 3D Animation and Character Design both from Fanshawe College. I also have a diploma in Professional Photography with the Photography Institute.
          </p>
        </div>
      </section>
    </div>
  </header>
</DocumentFragment>
`;
