// Jest Snapshot v1, https://goo.gl/fbAQLP

exports[`Nav component matches snapshot DOM node structure 1`] = `
<DocumentFragment>
  <ul
    class="flex-row"
  >
    <li
      class="mx-1"
    >
      <a
        href="#about"
      >
        about
      </a>
    </li>
    <li
      class="mx-1"
    >
      <a
        href="#portfolio"
      >
        portfolio
      </a>
    </li>
    <li
      class="mx-1"
    >
      <a
        href="#contact"
      >
        contact
      </a>
    </li>
    <li
      class="mx-1"
    >
      <a
        href="#resume"
      >
        resume
      </a>
    </li>
  </ul>
</DocumentFragment>
`;
